// Jest Snapshot v1, https://goo.gl/fbAQLP

exports[`renders without crashing 1`] = `
Object {
  "asFragment": [Function],
  "baseElement": <body>
    <div>
      <div>
        <div>
          <nav
            class="navbar navbar-expand-lg navbar-light bg-light"
          >
            <a
              class="navbar-brand"
              href="/"
            >
              <img
                alt="omdb"
                class="logo"
                src="omdb.png"
              />
            </a>
            <div
              class="mr-auto navbar-nav"
            >
              <a
                class="nav-link"
                data-rb-event-key="/"
                href="/"
              >
                Home
              </a>
            </div>
            <form>
              <input
                name="searchbar"
                required=""
                type="text"
                value=""
              />
              <input
                type="submit"
                value="search"
              />
            </form>
          </nav>
        </div>
      </div>
    </div>
  </body>,
  "container": <div>
    <div>
      <div>
        <nav
          class="navbar navbar-expand-lg navbar-light bg-light"
        >
          <a
            class="navbar-brand"
            href="/"
          >
            <img
              alt="omdb"
              class="logo"
              src="omdb.png"
            />
          </a>
          <div
            class="mr-auto navbar-nav"
          >
            <a
              class="nav-link"
              data-rb-event-key="/"
              href="/"
            >
              Home
            </a>
          </div>
          <form>
            <input
              name="searchbar"
              required=""
              type="text"
              value=""
            />
            <input
              type="submit"
              value="search"
            />
          </form>
        </nav>
      </div>
    </div>
  </div>,
  "debug": [Function],
  "findAllByAltText": [Function],
  "findAllByDisplayValue": [Function],
  "findAllByLabelText": [Function],
  "findAllByPlaceholderText": [Function],
  "findAllByRole": [Function],
  "findAllByTestId": [Function],
  "findAllByText": [Function],
  "findAllByTitle": [Function],
  "findByAltText": [Function],
  "findByDisplayValue": [Function],
  "findByLabelText": [Function],
  "findByPlaceholderText": [Function],
  "findByRole": [Function],
  "findByTestId": [Function],
  "findByText": [Function],
  "findByTitle": [Function],
  "getAllByAltText": [Function],
  "getAllByDisplayValue": [Function],
  "getAllByLabelText": [Function],
  "getAllByPlaceholderText": [Function],
  "getAllByRole": [Function],
  "getAllByTestId": [Function],
  "getAllByText": [Function],
  "getAllByTitle": [Function],
  "getByAltText": [Function],
  "getByDisplayValue": [Function],
  "getByLabelText": [Function],
  "getByPlaceholderText": [Function],
  "getByRole": [Function],
  "getByTestId": [Function],
  "getByText": [Function],
  "getByTitle": [Function],
  "queryAllByAltText": [Function],
  "queryAllByDisplayValue": [Function],
  "queryAllByLabelText": [Function],
  "queryAllByPlaceholderText": [Function],
  "queryAllByRole": [Function],
  "queryAllByTestId": [Function],
  "queryAllByText": [Function],
  "queryAllByTitle": [Function],
  "queryByAltText": [Function],
  "queryByDisplayValue": [Function],
  "queryByLabelText": [Function],
  "queryByPlaceholderText": [Function],
  "queryByRole": [Function],
  "queryByTestId": [Function],
  "queryByText": [Function],
  "queryByTitle": [Function],
  "rerender": [Function],
  "unmount": [Function],
}
`;
